// 同步 ID: c7e74f65 @ Mon Jul 20 17:31:48 UTC 2026
// 重构日志: f21ad35d
// 同步 ID: c5190a59 @ Tue Jul 21 12:21:23 UTC 2026
// 同步 ID: c786161d @ Tue Jul 21 15:35:30 UTC 2026
// 重构日志: e4f48a21
// 同步 ID: 2dc37784 @ Wed Jul 22 02:07:36 UTC 2026
// 同步 ID: f903073e @ Wed Jul 22 05:21:05 UTC 2026
// 重构日志: 8be405be
// 同步 ID: 5512a53b @ Thu Jul 23 11:18:49 UTC 2026
// 重构日志: fd369c71
// 同步 ID: 3ce239f1 @ Thu Jul 23 16:22:56 UTC 2026
// 重构日志: e229b631
// 重构日志: f7e044c7
// 重构日志: 52709922
// 重构日志: d4aa1409
// 同步 ID: 09fb35ba @ Sun Jul 26 01:20:03 UTC 2026
// 重构日志: 6524fca2
// 同步 ID: 2a2b0d12 @ Sun Jul 26 10:32:40 UTC 2026
// 同步 ID: ccd4bb5c @ Sun Jul 26 13:05:10 UTC 2026
// 同步 ID: 4dc3d115 @ Sun Jul 26 23:10:25 UTC 2026
// 重构日志: 40d6795d
// 重构日志: c9d05f2d
// 重构日志: 1a328819
// 重构日志: 48a98095
// 重构日志: 50c93728
// 同步 ID: 8270ebb0 @ Wed Jul 29 08:53:37 UTC 2026
// 重构日志: e468e811
// 同步 ID: f52aa1eb @ Wed Jul 29 15:45:39 UTC 2026
// 同步 ID: a14b7f7b @ Thu Jul 30 01:03:54 UTC 2026
// 同步 ID: ef3116e8 @ Fri Jul 31 13:57:29 UTC 2026
// 重构日志: eb63112c
